
         /\      Grafana   /‾‾/  
    /\  /  \     |\  __   /  /   
   /  \/    \    | |/ /  /   ‾‾\ 
  /          \   |   (  |  (‾)  |
 / __________ \  |_|\_\  \_____/ 


     execution: local
        script: /scripts/capacity/purchase.js
        output: -

     scenarios: (100.00%) 1 scenario, 20 max VUs, 1m10s max duration (incl. graceful stop):
              * purchase_capacity: 10.00 iterations/s for 1m0s (maxVUs: 20, gracefulStop: 10s)

time="2026-09-04T23:45:52Z" level=info msg="capacity sale_event_id=d8a0a67b-1ea4-4bb3-8e7d-2e83c2b48fdb sale_item_id=1b40b031-b40f-46d8-b15f-e5997f9d2dcf" source=console

running (0m01.0s), 00/20 VUs, 10 complete and 0 interrupted iterations
purchase_capacity   [   2% ] 00/20 VUs  0m00.9s/1m0s  10.00 iters/s

running (0m02.0s), 00/20 VUs, 20 complete and 0 interrupted iterations
purchase_capacity   [   3% ] 00/20 VUs  0m01.9s/1m0s  10.00 iters/s

running (0m03.0s), 00/20 VUs, 30 complete and 0 interrupted iterations
purchase_capacity   [   5% ] 00/20 VUs  0m02.9s/1m0s  10.00 iters/s

running (0m04.0s), 00/20 VUs, 40 complete and 0 interrupted iterations
purchase_capacity   [   7% ] 00/20 VUs  0m03.9s/1m0s  10.00 iters/s

running (0m05.0s), 00/20 VUs, 50 complete and 0 interrupted iterations
purchase_capacity   [   8% ] 00/20 VUs  0m04.9s/1m0s  10.00 iters/s

running (0m06.0s), 00/20 VUs, 60 complete and 0 interrupted iterations
purchase_capacity   [  10% ] 00/20 VUs  0m05.9s/1m0s  10.00 iters/s

running (0m07.0s), 00/20 VUs, 70 complete and 0 interrupted iterations
purchase_capacity   [  12% ] 00/20 VUs  0m06.9s/1m0s  10.00 iters/s

running (0m08.0s), 00/20 VUs, 80 complete and 0 interrupted iterations
purchase_capacity   [  13% ] 00/20 VUs  0m07.9s/1m0s  10.00 iters/s

running (0m09.0s), 00/20 VUs, 90 complete and 0 interrupted iterations
purchase_capacity   [  15% ] 00/20 VUs  0m08.9s/1m0s  10.00 iters/s

running (0m10.0s), 00/20 VUs, 100 complete and 0 interrupted iterations
purchase_capacity   [  17% ] 00/20 VUs  0m09.9s/1m0s  10.00 iters/s

running (0m11.0s), 00/20 VUs, 110 complete and 0 interrupted iterations
purchase_capacity   [  18% ] 00/20 VUs  0m10.9s/1m0s  10.00 iters/s

running (0m12.0s), 00/20 VUs, 120 complete and 0 interrupted iterations
purchase_capacity   [  20% ] 00/20 VUs  0m11.9s/1m0s  10.00 iters/s

running (0m13.0s), 00/20 VUs, 130 complete and 0 interrupted iterations
purchase_capacity   [  22% ] 00/20 VUs  0m12.9s/1m0s  10.00 iters/s

running (0m14.0s), 00/20 VUs, 140 complete and 0 interrupted iterations
purchase_capacity   [  23% ] 00/20 VUs  0m13.9s/1m0s  10.00 iters/s

running (0m15.0s), 00/20 VUs, 150 complete and 0 interrupted iterations
purchase_capacity   [  25% ] 00/20 VUs  0m14.9s/1m0s  10.00 iters/s

running (0m16.0s), 00/20 VUs, 160 complete and 0 interrupted iterations
purchase_capacity   [  27% ] 00/20 VUs  0m15.9s/1m0s  10.00 iters/s

running (0m17.0s), 00/20 VUs, 170 complete and 0 interrupted iterations
purchase_capacity   [  28% ] 00/20 VUs  0m16.9s/1m0s  10.00 iters/s

running (0m18.0s), 00/20 VUs, 180 complete and 0 interrupted iterations
purchase_capacity   [  30% ] 00/20 VUs  0m17.9s/1m0s  10.00 iters/s

running (0m19.0s), 00/20 VUs, 190 complete and 0 interrupted iterations
purchase_capacity   [  32% ] 00/20 VUs  0m18.9s/1m0s  10.00 iters/s

running (0m20.0s), 00/20 VUs, 200 complete and 0 interrupted iterations
purchase_capacity   [  33% ] 00/20 VUs  0m19.9s/1m0s  10.00 iters/s

running (0m21.0s), 00/20 VUs, 210 complete and 0 interrupted iterations
purchase_capacity   [  35% ] 00/20 VUs  0m20.9s/1m0s  10.00 iters/s

running (0m22.0s), 00/20 VUs, 220 complete and 0 interrupted iterations
purchase_capacity   [  37% ] 00/20 VUs  0m21.9s/1m0s  10.00 iters/s

running (0m23.0s), 00/20 VUs, 230 complete and 0 interrupted iterations
purchase_capacity   [  38% ] 00/20 VUs  0m22.9s/1m0s  10.00 iters/s

running (0m24.0s), 00/20 VUs, 240 complete and 0 interrupted iterations
purchase_capacity   [  40% ] 00/20 VUs  0m23.9s/1m0s  10.00 iters/s

running (0m25.0s), 00/20 VUs, 250 complete and 0 interrupted iterations
purchase_capacity   [  42% ] 00/20 VUs  0m24.9s/1m0s  10.00 iters/s

running (0m26.0s), 00/20 VUs, 260 complete and 0 interrupted iterations
purchase_capacity   [  43% ] 00/20 VUs  0m25.9s/1m0s  10.00 iters/s

running (0m27.0s), 00/20 VUs, 270 complete and 0 interrupted iterations
purchase_capacity   [  45% ] 00/20 VUs  0m26.9s/1m0s  10.00 iters/s

running (0m28.0s), 00/20 VUs, 280 complete and 0 interrupted iterations
purchase_capacity   [  47% ] 00/20 VUs  0m27.9s/1m0s  10.00 iters/s

running (0m29.0s), 00/20 VUs, 290 complete and 0 interrupted iterations
purchase_capacity   [  48% ] 00/20 VUs  0m28.9s/1m0s  10.00 iters/s

running (0m30.0s), 00/20 VUs, 300 complete and 0 interrupted iterations
purchase_capacity   [  50% ] 00/20 VUs  0m29.9s/1m0s  10.00 iters/s

running (0m31.0s), 00/20 VUs, 310 complete and 0 interrupted iterations
purchase_capacity   [  52% ] 00/20 VUs  0m30.9s/1m0s  10.00 iters/s

running (0m32.0s), 00/20 VUs, 320 complete and 0 interrupted iterations
purchase_capacity   [  53% ] 00/20 VUs  0m31.9s/1m0s  10.00 iters/s

running (0m33.0s), 00/20 VUs, 330 complete and 0 interrupted iterations
purchase_capacity   [  55% ] 00/20 VUs  0m32.9s/1m0s  10.00 iters/s

running (0m34.0s), 00/20 VUs, 340 complete and 0 interrupted iterations
purchase_capacity   [  57% ] 00/20 VUs  0m33.9s/1m0s  10.00 iters/s

running (0m35.0s), 00/20 VUs, 350 complete and 0 interrupted iterations
purchase_capacity   [  58% ] 00/20 VUs  0m34.9s/1m0s  10.00 iters/s

running (0m36.0s), 00/20 VUs, 360 complete and 0 interrupted iterations
purchase_capacity   [  60% ] 00/20 VUs  0m35.9s/1m0s  10.00 iters/s

running (0m37.0s), 00/20 VUs, 370 complete and 0 interrupted iterations
purchase_capacity   [  62% ] 00/20 VUs  0m36.9s/1m0s  10.00 iters/s

running (0m38.0s), 00/20 VUs, 380 complete and 0 interrupted iterations
purchase_capacity   [  63% ] 00/20 VUs  0m37.9s/1m0s  10.00 iters/s

running (0m39.0s), 00/20 VUs, 390 complete and 0 interrupted iterations
purchase_capacity   [  65% ] 00/20 VUs  0m38.9s/1m0s  10.00 iters/s

running (0m40.0s), 00/20 VUs, 400 complete and 0 interrupted iterations
purchase_capacity   [  67% ] 00/20 VUs  0m39.9s/1m0s  10.00 iters/s

running (0m41.0s), 00/20 VUs, 410 complete and 0 interrupted iterations
purchase_capacity   [  68% ] 00/20 VUs  0m40.9s/1m0s  10.00 iters/s

running (0m42.0s), 00/20 VUs, 420 complete and 0 interrupted iterations
purchase_capacity   [  70% ] 00/20 VUs  0m41.9s/1m0s  10.00 iters/s

running (0m43.0s), 00/20 VUs, 430 complete and 0 interrupted iterations
purchase_capacity   [  72% ] 00/20 VUs  0m42.9s/1m0s  10.00 iters/s

running (0m44.0s), 00/20 VUs, 440 complete and 0 interrupted iterations
purchase_capacity   [  73% ] 00/20 VUs  0m43.9s/1m0s  10.00 iters/s

running (0m45.0s), 00/20 VUs, 450 complete and 0 interrupted iterations
purchase_capacity   [  75% ] 00/20 VUs  0m44.9s/1m0s  10.00 iters/s

running (0m46.0s), 00/20 VUs, 460 complete and 0 interrupted iterations
purchase_capacity   [  77% ] 00/20 VUs  0m45.9s/1m0s  10.00 iters/s

running (0m47.0s), 00/20 VUs, 470 complete and 0 interrupted iterations
purchase_capacity   [  78% ] 00/20 VUs  0m46.9s/1m0s  10.00 iters/s

running (0m48.0s), 00/20 VUs, 480 complete and 0 interrupted iterations
purchase_capacity   [  80% ] 00/20 VUs  0m47.9s/1m0s  10.00 iters/s

running (0m49.0s), 00/20 VUs, 490 complete and 0 interrupted iterations
purchase_capacity   [  82% ] 00/20 VUs  0m48.9s/1m0s  10.00 iters/s

running (0m50.0s), 00/20 VUs, 500 complete and 0 interrupted iterations
purchase_capacity   [  83% ] 00/20 VUs  0m49.9s/1m0s  10.00 iters/s

running (0m51.0s), 00/20 VUs, 510 complete and 0 interrupted iterations
purchase_capacity   [  85% ] 00/20 VUs  0m50.9s/1m0s  10.00 iters/s

running (0m52.0s), 00/20 VUs, 520 complete and 0 interrupted iterations
purchase_capacity   [  87% ] 00/20 VUs  0m51.9s/1m0s  10.00 iters/s

running (0m53.0s), 00/20 VUs, 530 complete and 0 interrupted iterations
purchase_capacity   [  88% ] 00/20 VUs  0m52.9s/1m0s  10.00 iters/s

running (0m54.0s), 00/20 VUs, 540 complete and 0 interrupted iterations
purchase_capacity   [  90% ] 00/20 VUs  0m53.9s/1m0s  10.00 iters/s

running (0m55.0s), 00/20 VUs, 550 complete and 0 interrupted iterations
purchase_capacity   [  92% ] 00/20 VUs  0m54.9s/1m0s  10.00 iters/s

running (0m56.0s), 00/20 VUs, 560 complete and 0 interrupted iterations
purchase_capacity   [  93% ] 00/20 VUs  0m55.9s/1m0s  10.00 iters/s

running (0m57.0s), 00/20 VUs, 570 complete and 0 interrupted iterations
purchase_capacity   [  95% ] 00/20 VUs  0m56.9s/1m0s  10.00 iters/s

running (0m58.0s), 00/20 VUs, 580 complete and 0 interrupted iterations
purchase_capacity   [  97% ] 00/20 VUs  0m57.9s/1m0s  10.00 iters/s

running (0m59.0s), 00/20 VUs, 590 complete and 0 interrupted iterations
purchase_capacity   [  98% ] 00/20 VUs  0m58.9s/1m0s  10.00 iters/s

running (1m00.0s), 00/20 VUs, 600 complete and 0 interrupted iterations
purchase_capacity   [ 100% ] 00/20 VUs  0m59.9s/1m0s  10.00 iters/s


  █ TOTAL RESULTS 

    checks_total.......: 601     10.003011/s
    checks_succeeded...: 100.00% 601 out of 601
    checks_failed......: 0.00%   0 out of 601

    ✓ purchase created

    HTTP
    http_req_duration..............: avg=17.34ms min=14.68ms med=16.73ms max=71.11ms p(90)=19.1ms  p(95)=20.22ms
      { expected_response:true }...: avg=17.34ms min=14.68ms med=16.73ms max=71.11ms p(90)=19.1ms  p(95)=20.22ms
    http_req_failed................: 0.00%  0 out of 602
    http_reqs......................: 602    10.019655/s

    EXECUTION
    iteration_duration.............: avg=17.64ms min=15.02ms med=17.05ms max=71.44ms p(90)=19.57ms p(95)=20.79ms
    iterations.....................: 601    10.003011/s
    vus............................: 0      min=0        max=0 
    vus_max........................: 20     min=20       max=20

    NETWORK
    data_received..................: 422 kB 7.0 kB/s
    data_sent......................: 235 kB 3.9 kB/s




running (1m00.1s), 00/20 VUs, 601 complete and 0 interrupted iterations
purchase_capacity ✓ [ 100% ] 00/20 VUs  1m0s  10.00 iters/s
