
         /\      Grafana   /?얄?  
    /\  /  \     |\  __   /  /   
   /  \/    \    | |/ /  /   ?얄? 
  /          \   |   (  |  (??  |
 / __________ \  |_|\_\  \_____/ 

     execution: local
        script: /scripts/purchase-spike.js
        output: json (/results/raw.json)

     scenarios: (100.00%) 2 scenarios, 768 max VUs, 1m30s max duration (incl. graceful stop):
              * opening: 10.00 iterations/s for 10s (maxVUs: 64-512, exec: purchase, gracefulStop: 30s)
              * tail: 10.00 iterations/s for 50s (maxVUs: 32-256, exec: purchase, startTime: 10s, gracefulStop: 30s)


running (0m01.0s), 000/096 VUs, 10 complete and 0 interrupted iterations
opening   [  10% ] 000/064 VUs  01.0s/10s  10.00 iters/s
tail    ??[   0% ] waiting      09.0s     

running (0m02.0s), 000/096 VUs, 20 complete and 0 interrupted iterations
opening   [  20% ] 000/064 VUs  02.0s/10s  10.00 iters/s
tail    ??[   0% ] waiting      08.0s     

running (0m03.0s), 000/096 VUs, 30 complete and 0 interrupted iterations
opening   [  30% ] 000/064 VUs  03.0s/10s  10.00 iters/s
tail    ??[   0% ] waiting      07.0s     

running (0m04.0s), 000/096 VUs, 40 complete and 0 interrupted iterations
opening   [  40% ] 000/064 VUs  04.0s/10s  10.00 iters/s
tail    ??[   0% ] waiting      06.0s     

running (0m05.0s), 000/096 VUs, 50 complete and 0 interrupted iterations
opening   [  50% ] 000/064 VUs  05.0s/10s  10.00 iters/s
tail    ??[   0% ] waiting      05.0s     

running (0m06.0s), 000/096 VUs, 60 complete and 0 interrupted iterations
opening   [  60% ] 000/064 VUs  06.0s/10s  10.00 iters/s
tail    ??[   0% ] waiting      04.0s     

running (0m07.0s), 000/096 VUs, 70 complete and 0 interrupted iterations
opening   [  70% ] 000/064 VUs  07.0s/10s  10.00 iters/s
tail    ??[   0% ] waiting      03.0s     

running (0m08.0s), 000/096 VUs, 80 complete and 0 interrupted iterations
opening   [  80% ] 000/064 VUs  08.0s/10s  10.00 iters/s
tail    ??[   0% ] waiting      02.0s     

running (0m09.0s), 000/096 VUs, 90 complete and 0 interrupted iterations
opening   [  90% ] 000/064 VUs  09.0s/10s  10.00 iters/s
tail    ??[   0% ] waiting      01.0s     

running (0m10.0s), 000/096 VUs, 100 complete and 0 interrupted iterations
opening   [ 100% ] 000/064 VUs  10.0s/10s  10.00 iters/s
tail    ??[   0% ] waiting      00.0s     

running (0m11.0s), 000/096 VUs, 111 complete and 0 interrupted iterations
opening ??[ 100% ] 000/064 VUs  10s        10.00 iters/s
tail      [   2% ] 000/032 VUs  01.0s/50s  10.00 iters/s

running (0m12.0s), 000/096 VUs, 121 complete and 0 interrupted iterations
opening ??[ 100% ] 000/064 VUs  10s        10.00 iters/s
tail      [   4% ] 000/032 VUs  02.0s/50s  10.00 iters/s

running (0m13.0s), 000/096 VUs, 131 complete and 0 interrupted iterations
opening ??[ 100% ] 000/064 VUs  10s        10.00 iters/s
tail      [   6% ] 000/032 VUs  03.0s/50s  10.00 iters/s

running (0m14.0s), 000/096 VUs, 141 complete and 0 interrupted iterations
opening ??[ 100% ] 000/064 VUs  10s        10.00 iters/s
tail      [   8% ] 000/032 VUs  04.0s/50s  10.00 iters/s

running (0m15.0s), 000/096 VUs, 151 complete and 0 interrupted iterations
opening ??[ 100% ] 000/064 VUs  10s        10.00 iters/s
tail      [  10% ] 000/032 VUs  05.0s/50s  10.00 iters/s

running (0m16.0s), 000/096 VUs, 161 complete and 0 interrupted iterations
opening ??[ 100% ] 000/064 VUs  10s        10.00 iters/s
tail      [  12% ] 000/032 VUs  06.0s/50s  10.00 iters/s

running (0m17.0s), 000/096 VUs, 171 complete and 0 interrupted iterations
opening ??[ 100% ] 000/064 VUs  10s        10.00 iters/s
tail      [  14% ] 000/032 VUs  07.0s/50s  10.00 iters/s

running (0m18.0s), 000/096 VUs, 181 complete and 0 interrupted iterations
opening ??[ 100% ] 000/064 VUs  10s        10.00 iters/s
tail      [  16% ] 000/032 VUs  08.0s/50s  10.00 iters/s

running (0m19.0s), 000/096 VUs, 191 complete and 0 interrupted iterations
opening ??[ 100% ] 000/064 VUs  10s        10.00 iters/s
tail      [  18% ] 000/032 VUs  09.0s/50s  10.00 iters/s

running (0m20.0s), 000/096 VUs, 201 complete and 0 interrupted iterations
opening ??[ 100% ] 000/064 VUs  10s        10.00 iters/s
tail      [  20% ] 000/032 VUs  10.0s/50s  10.00 iters/s

running (0m21.0s), 000/096 VUs, 211 complete and 0 interrupted iterations
opening ??[ 100% ] 000/064 VUs  10s        10.00 iters/s
tail      [  22% ] 000/032 VUs  11.0s/50s  10.00 iters/s

running (0m22.0s), 000/096 VUs, 221 complete and 0 interrupted iterations
opening ??[ 100% ] 000/064 VUs  10s        10.00 iters/s
tail      [  24% ] 000/032 VUs  12.0s/50s  10.00 iters/s

running (0m23.0s), 000/096 VUs, 231 complete and 0 interrupted iterations
opening ??[ 100% ] 000/064 VUs  10s        10.00 iters/s
tail      [  26% ] 000/032 VUs  13.0s/50s  10.00 iters/s

running (0m24.0s), 000/096 VUs, 241 complete and 0 interrupted iterations
opening ??[ 100% ] 000/064 VUs  10s        10.00 iters/s
tail      [  28% ] 000/032 VUs  14.0s/50s  10.00 iters/s

running (0m25.0s), 000/096 VUs, 251 complete and 0 interrupted iterations
opening ??[ 100% ] 000/064 VUs  10s        10.00 iters/s
tail      [  30% ] 000/032 VUs  15.0s/50s  10.00 iters/s

running (0m26.0s), 000/096 VUs, 261 complete and 0 interrupted iterations
opening ??[ 100% ] 000/064 VUs  10s        10.00 iters/s
tail      [  32% ] 000/032 VUs  16.0s/50s  10.00 iters/s

running (0m27.0s), 000/096 VUs, 271 complete and 0 interrupted iterations
opening ??[ 100% ] 000/064 VUs  10s        10.00 iters/s
tail      [  34% ] 000/032 VUs  17.0s/50s  10.00 iters/s

running (0m28.0s), 000/096 VUs, 281 complete and 0 interrupted iterations
opening ??[ 100% ] 000/064 VUs  10s        10.00 iters/s
tail      [  36% ] 000/032 VUs  18.0s/50s  10.00 iters/s

running (0m29.0s), 000/096 VUs, 291 complete and 0 interrupted iterations
opening ??[ 100% ] 000/064 VUs  10s        10.00 iters/s
tail      [  38% ] 000/032 VUs  19.0s/50s  10.00 iters/s

running (0m30.0s), 000/096 VUs, 301 complete and 0 interrupted iterations
opening ??[ 100% ] 000/064 VUs  10s        10.00 iters/s
tail      [  40% ] 000/032 VUs  20.0s/50s  10.00 iters/s

running (0m31.0s), 000/096 VUs, 311 complete and 0 interrupted iterations
opening ??[ 100% ] 000/064 VUs  10s        10.00 iters/s
tail      [  42% ] 000/032 VUs  21.0s/50s  10.00 iters/s

running (0m32.0s), 000/096 VUs, 321 complete and 0 interrupted iterations
opening ??[ 100% ] 000/064 VUs  10s        10.00 iters/s
tail      [  44% ] 000/032 VUs  22.0s/50s  10.00 iters/s

running (0m33.0s), 000/096 VUs, 331 complete and 0 interrupted iterations
opening ??[ 100% ] 000/064 VUs  10s        10.00 iters/s
tail      [  46% ] 000/032 VUs  23.0s/50s  10.00 iters/s

running (0m34.0s), 000/096 VUs, 341 complete and 0 interrupted iterations
opening ??[ 100% ] 000/064 VUs  10s        10.00 iters/s
tail      [  48% ] 000/032 VUs  24.0s/50s  10.00 iters/s

running (0m35.0s), 000/096 VUs, 351 complete and 0 interrupted iterations
opening ??[ 100% ] 000/064 VUs  10s        10.00 iters/s
tail      [  50% ] 000/032 VUs  25.0s/50s  10.00 iters/s

running (0m36.0s), 000/096 VUs, 361 complete and 0 interrupted iterations
opening ??[ 100% ] 000/064 VUs  10s        10.00 iters/s
tail      [  52% ] 000/032 VUs  26.0s/50s  10.00 iters/s

running (0m37.0s), 000/096 VUs, 371 complete and 0 interrupted iterations
opening ??[ 100% ] 000/064 VUs  10s        10.00 iters/s
tail      [  54% ] 000/032 VUs  27.0s/50s  10.00 iters/s

running (0m38.0s), 000/096 VUs, 381 complete and 0 interrupted iterations
opening ??[ 100% ] 000/064 VUs  10s        10.00 iters/s
tail      [  56% ] 000/032 VUs  28.0s/50s  10.00 iters/s

running (0m39.0s), 000/096 VUs, 391 complete and 0 interrupted iterations
opening ??[ 100% ] 000/064 VUs  10s        10.00 iters/s
tail      [  58% ] 000/032 VUs  29.0s/50s  10.00 iters/s

running (0m40.0s), 000/096 VUs, 401 complete and 0 interrupted iterations
opening ??[ 100% ] 000/064 VUs  10s        10.00 iters/s
tail      [  60% ] 000/032 VUs  30.0s/50s  10.00 iters/s

running (0m41.0s), 000/096 VUs, 411 complete and 0 interrupted iterations
opening ??[ 100% ] 000/064 VUs  10s        10.00 iters/s
tail      [  62% ] 000/032 VUs  31.0s/50s  10.00 iters/s

running (0m42.0s), 000/096 VUs, 421 complete and 0 interrupted iterations
opening ??[ 100% ] 000/064 VUs  10s        10.00 iters/s
tail      [  64% ] 000/032 VUs  32.0s/50s  10.00 iters/s

running (0m43.0s), 000/096 VUs, 431 complete and 0 interrupted iterations
opening ??[ 100% ] 000/064 VUs  10s        10.00 iters/s
tail      [  66% ] 000/032 VUs  33.0s/50s  10.00 iters/s

running (0m44.0s), 000/096 VUs, 441 complete and 0 interrupted iterations
opening ??[ 100% ] 000/064 VUs  10s        10.00 iters/s
tail      [  68% ] 000/032 VUs  34.0s/50s  10.00 iters/s

running (0m45.0s), 000/096 VUs, 451 complete and 0 interrupted iterations
opening ??[ 100% ] 000/064 VUs  10s        10.00 iters/s
tail      [  70% ] 000/032 VUs  35.0s/50s  10.00 iters/s

running (0m46.0s), 000/096 VUs, 461 complete and 0 interrupted iterations
opening ??[ 100% ] 000/064 VUs  10s        10.00 iters/s
tail      [  72% ] 000/032 VUs  36.0s/50s  10.00 iters/s

running (0m47.0s), 000/096 VUs, 471 complete and 0 interrupted iterations
opening ??[ 100% ] 000/064 VUs  10s        10.00 iters/s
tail      [  74% ] 000/032 VUs  37.0s/50s  10.00 iters/s

running (0m48.0s), 000/096 VUs, 481 complete and 0 interrupted iterations
opening ??[ 100% ] 000/064 VUs  10s        10.00 iters/s
tail      [  76% ] 000/032 VUs  38.0s/50s  10.00 iters/s

running (0m49.0s), 000/096 VUs, 491 complete and 0 interrupted iterations
opening ??[ 100% ] 000/064 VUs  10s        10.00 iters/s
tail      [  78% ] 000/032 VUs  39.0s/50s  10.00 iters/s

running (0m50.0s), 000/096 VUs, 501 complete and 0 interrupted iterations
opening ??[ 100% ] 000/064 VUs  10s        10.00 iters/s
tail      [  80% ] 000/032 VUs  40.0s/50s  10.00 iters/s

running (0m51.0s), 000/096 VUs, 511 complete and 0 interrupted iterations
opening ??[ 100% ] 000/064 VUs  10s        10.00 iters/s
tail      [  82% ] 000/032 VUs  41.0s/50s  10.00 iters/s

running (0m52.0s), 000/096 VUs, 521 complete and 0 interrupted iterations
opening ??[ 100% ] 000/064 VUs  10s        10.00 iters/s
tail      [  84% ] 000/032 VUs  42.0s/50s  10.00 iters/s

running (0m53.0s), 000/096 VUs, 531 complete and 0 interrupted iterations
opening ??[ 100% ] 000/064 VUs  10s        10.00 iters/s
tail      [  86% ] 000/032 VUs  43.0s/50s  10.00 iters/s

running (0m54.0s), 000/096 VUs, 541 complete and 0 interrupted iterations
opening ??[ 100% ] 000/064 VUs  10s        10.00 iters/s
tail      [  88% ] 000/032 VUs  44.0s/50s  10.00 iters/s

running (0m55.0s), 000/096 VUs, 551 complete and 0 interrupted iterations
opening ??[ 100% ] 000/064 VUs  10s        10.00 iters/s
tail      [  90% ] 000/032 VUs  45.0s/50s  10.00 iters/s

running (0m56.0s), 000/096 VUs, 561 complete and 0 interrupted iterations
opening ??[ 100% ] 000/064 VUs  10s        10.00 iters/s
tail      [  92% ] 000/032 VUs  46.0s/50s  10.00 iters/s

running (0m57.0s), 000/096 VUs, 571 complete and 0 interrupted iterations
opening ??[ 100% ] 000/064 VUs  10s        10.00 iters/s
tail      [  94% ] 000/032 VUs  47.0s/50s  10.00 iters/s

running (0m58.0s), 000/096 VUs, 581 complete and 0 interrupted iterations
opening ??[ 100% ] 000/064 VUs  10s        10.00 iters/s
tail      [  96% ] 000/032 VUs  48.0s/50s  10.00 iters/s

running (0m59.0s), 000/096 VUs, 591 complete and 0 interrupted iterations
opening ??[ 100% ] 000/064 VUs  10s        10.00 iters/s
tail      [  98% ] 000/032 VUs  49.0s/50s  10.00 iters/s

running (1m00.0s), 000/096 VUs, 601 complete and 0 interrupted iterations
opening ??[ 100% ] 000/064 VUs  10s        10.00 iters/s
tail      [ 100% ] 000/032 VUs  50.0s/50s  10.00 iters/s
time="2026-09-09T11:47:28Z" level=info msg="Measured sale id: e975f357-943c-4518-aac6-60efd803bf10" source=console

     accepted_latency...............: avg=11.52ms  min=8.48ms  med=11.02ms  max=64.67ms  p(90)=13.42ms  p(95)=14.64ms 
     data_received..................: 408 kB 6.8 kB/s
     data_sent......................: 362 kB 6.0 kB/s
   ??dropped_iterations.............: 0      0/s
     http_req_blocked...............: avg=165.17쨉s min=2.56쨉s  med=5.22쨉s   max=12.35ms  p(90)=8.28쨉s   p(95)=1.75ms  
     http_req_connecting............: avg=149.16쨉s min=0s      med=0s       max=12.21ms  p(90)=0s       p(95)=1.63ms  
     http_req_duration..............: avg=9.54ms   min=5.73ms  med=9.44ms   max=64.67ms  p(90)=12.33ms  p(95)=13.51ms 
       { expected_response:true }...: avg=9.54ms   min=5.73ms  med=9.44ms   max=64.67ms  p(90)=12.33ms  p(95)=13.51ms 
     ??{ name:payment_accept }......: avg=7.57ms   min=5.73ms  med=7.26ms   max=49.72ms  p(90)=8.76ms   p(95)=9.59ms  
     ??{ name:purchase }............: avg=11.52ms  min=8.48ms  med=11.02ms  max=64.67ms  p(90)=13.42ms  p(95)=14.64ms 
     http_req_failed................: 0.00%  0 out of 1205
     http_req_receiving.............: avg=157.41쨉s min=71.33쨉s med=124.62쨉s max=939.99쨉s p(90)=283.03쨉s p(95)=357.21쨉s
     http_req_sending...............: avg=48.69쨉s  min=14.29쨉s med=44.33쨉s  max=375.15쨉s p(90)=70.33쨉s  p(95)=119.74쨉s
     http_req_tls_handshaking.......: avg=0s       min=0s      med=0s       max=0s       p(90)=0s       p(95)=0s      
     http_req_waiting...............: avg=9.34ms   min=5.54ms  med=9.27ms   max=64.08ms  p(90)=12.06ms  p(95)=13.26ms 
     http_reqs......................: 1205   20.073271/s
     iteration_duration.............: avg=19.91ms  min=14.98ms med=19.19ms  max=76.69ms  p(90)=23.82ms  p(95)=25.54ms 
     iterations.....................: 602    10.028306/s
     purchase_outcomes..............: 602    10.028306/s
   ??unexpected_errors..............: 0.00%  0 out of 1204
     vus............................: 0      min=0         max=0 
     vus_max........................: 96     min=96        max=96


running (1m00.0s), 000/096 VUs, 602 complete and 0 interrupted iterations
opening ??[ 100% ] 000/064 VUs  10s  10.00 iters/s
tail    ??[ 100% ] 000/032 VUs  50s  10.00 iters/s
