2026-09-05T15:58:48.6946074+09:00|limited-goods-k6-capacity|9.53%|30.09MiB / 7.715GiB
2026-09-05T15:58:48.6946074+09:00|limited-goods-next-api-1|63.20%|77.32MiB / 7.715GiB
2026-09-05T15:58:48.6946074+09:00|limited-goods-next-db-1|24.54%|85.02MiB / 7.715GiB
2026-09-05T15:58:51.9065158+09:00|limited-goods-k6-capacity|6.16%|32.58MiB / 7.715GiB
2026-09-05T15:58:51.9065158+09:00|limited-goods-next-api-1|57.43%|77.53MiB / 7.715GiB
2026-09-05T15:58:51.9065158+09:00|limited-goods-next-db-1|20.77%|85.37MiB / 7.715GiB
2026-09-05T15:58:54.9432971+09:00|limited-goods-k6-capacity|8.27%|35.57MiB / 7.715GiB
2026-09-05T15:58:54.9432971+09:00|limited-goods-next-api-1|55.37%|77.7MiB / 7.715GiB
2026-09-05T15:58:54.9432971+09:00|limited-goods-next-db-1|24.21%|85.12MiB / 7.715GiB
2026-09-05T15:58:58.1177034+09:00|limited-goods-k6-capacity|5.96%|35.27MiB / 7.715GiB
2026-09-05T15:58:58.1177034+09:00|limited-goods-next-api-1|84.21%|77.84MiB / 7.715GiB
2026-09-05T15:58:58.1177034+09:00|limited-goods-next-db-1|19.36%|85.05MiB / 7.715GiB
2026-09-05T15:59:01.2836702+09:00|limited-goods-k6-capacity|6.95%|35.96MiB / 7.715GiB
2026-09-05T15:59:01.2836702+09:00|limited-goods-next-api-1|66.41%|76.97MiB / 7.715GiB
2026-09-05T15:59:01.2836702+09:00|limited-goods-next-db-1|24.96%|85.82MiB / 7.715GiB
2026-09-05T15:59:04.3277780+09:00|limited-goods-k6-capacity|6.07%|36.14MiB / 7.715GiB
2026-09-05T15:59:04.3277780+09:00|limited-goods-next-api-1|65.48%|87.39MiB / 7.715GiB
2026-09-05T15:59:04.3277780+09:00|limited-goods-next-db-1|24.09%|85.86MiB / 7.715GiB
2026-09-05T15:59:07.5029534+09:00|limited-goods-k6-capacity|5.91%|36.85MiB / 7.715GiB
2026-09-05T15:59:07.5029534+09:00|limited-goods-next-api-1|61.12%|77.39MiB / 7.715GiB
2026-09-05T15:59:07.5029534+09:00|limited-goods-next-db-1|24.24%|85.24MiB / 7.715GiB
2026-09-05T15:59:10.6777988+09:00|limited-goods-k6-capacity|5.93%|37.32MiB / 7.715GiB
2026-09-05T15:59:10.6777988+09:00|limited-goods-next-api-1|61.60%|77.77MiB / 7.715GiB
2026-09-05T15:59:10.6777988+09:00|limited-goods-next-db-1|32.45%|85.2MiB / 7.715GiB
2026-09-05T15:59:13.8537490+09:00|limited-goods-k6-capacity|6.19%|38.54MiB / 7.715GiB
2026-09-05T15:59:13.8537490+09:00|limited-goods-next-api-1|60.92%|77.46MiB / 7.715GiB
2026-09-05T15:59:13.8537490+09:00|limited-goods-next-db-1|19.65%|85.28MiB / 7.715GiB
2026-09-05T15:59:17.0260777+09:00|limited-goods-k6-capacity|6.05%|38.5MiB / 7.715GiB
2026-09-05T15:59:17.0260777+09:00|limited-goods-next-api-1|68.95%|86.67MiB / 7.715GiB
2026-09-05T15:59:17.0260777+09:00|limited-goods-next-db-1|20.66%|85.24MiB / 7.715GiB
2026-09-05T15:59:20.2027954+09:00|limited-goods-k6-capacity|6.49%|39.98MiB / 7.715GiB
2026-09-05T15:59:20.2027954+09:00|limited-goods-next-api-1|91.98%|77.61MiB / 7.715GiB
2026-09-05T15:59:20.2027954+09:00|limited-goods-next-db-1|23.94%|85.48MiB / 7.715GiB
2026-09-05T15:59:23.3876931+09:00|limited-goods-k6-capacity|6.06%|39.96MiB / 7.715GiB
2026-09-05T15:59:23.3876931+09:00|limited-goods-next-api-1|57.78%|77.06MiB / 7.715GiB
2026-09-05T15:59:23.3876931+09:00|limited-goods-next-db-1|21.06%|85.64MiB / 7.715GiB
2026-09-05T15:59:26.5524420+09:00|limited-goods-k6-capacity|5.83%|39.93MiB / 7.715GiB
2026-09-05T15:59:26.5524420+09:00|limited-goods-next-api-1|57.34%|77.02MiB / 7.715GiB
2026-09-05T15:59:26.5524420+09:00|limited-goods-next-db-1|16.58%|85MiB / 7.715GiB
2026-09-05T15:59:29.7155691+09:00|limited-goods-k6-capacity|7.36%|40.86MiB / 7.715GiB
2026-09-05T15:59:29.7155691+09:00|limited-goods-next-api-1|104.03%|77.61MiB / 7.715GiB
2026-09-05T15:59:29.7155691+09:00|limited-goods-next-db-1|25.04%|85.59MiB / 7.715GiB
2026-09-05T15:59:32.9058767+09:00|limited-goods-k6-capacity|6.18%|40.31MiB / 7.715GiB
2026-09-05T15:59:32.9058767+09:00|limited-goods-next-api-1|86.74%|77.63MiB / 7.715GiB
2026-09-05T15:59:32.9058767+09:00|limited-goods-next-db-1|22.55%|85.24MiB / 7.715GiB
2026-09-05T15:59:35.9377334+09:00|limited-goods-k6-capacity|5.96%|40.54MiB / 7.715GiB
2026-09-05T15:59:35.9377334+09:00|limited-goods-next-api-1|85.99%|77.25MiB / 7.715GiB
2026-09-05T15:59:35.9377334+09:00|limited-goods-next-db-1|21.32%|85.02MiB / 7.715GiB
2026-09-05T15:59:39.1136590+09:00|limited-goods-k6-capacity|6.60%|40.26MiB / 7.715GiB
2026-09-05T15:59:39.1136590+09:00|limited-goods-next-api-1|86.43%|87.14MiB / 7.715GiB
2026-09-05T15:59:39.1136590+09:00|limited-goods-next-db-1|23.18%|86.01MiB / 7.715GiB
2026-09-05T15:59:42.2840223+09:00|limited-goods-k6-capacity|6.29%|41MiB / 7.715GiB
2026-09-05T15:59:42.2840223+09:00|limited-goods-next-api-1|86.81%|77.18MiB / 7.715GiB
2026-09-05T15:59:42.2840223+09:00|limited-goods-next-db-1|20.64%|85.64MiB / 7.715GiB
2026-09-05T15:59:45.3272376+09:00|limited-goods-k6-capacity|6.00%|40.99MiB / 7.715GiB
2026-09-05T15:59:45.3272376+09:00|limited-goods-next-api-1|65.72%|77.56MiB / 7.715GiB
2026-09-05T15:59:45.3272376+09:00|limited-goods-next-db-1|19.69%|87.04MiB / 7.715GiB
